
> avelose159-git@0.0.1 build
> astro build

[2m22:22:07[22m [34m[content][39m Syncing content
[2m22:22:07[22m [34m[content][39m Synced content
[2m22:22:07[22m [34m[types][39m Generated [2m337ms[22m
[2m22:22:07[22m [34m[build][39m output: [34m"static"[39m
[2m22:22:07[22m [34m[build][39m mode: [34m"static"[39m
[2m22:22:07[22m [34m[build][39m directory: [34mC:\Users\umhyu\avelose159_git\dist\[39m
[2m22:22:07[22m [34m[build][39m Collecting build info...
[2m22:22:07[22m [34m[build][39m [32m??Completed in 353ms.[39m
[2m22:22:07[22m [34m[build][39m Building static entrypoints...
[2m22:22:08[22m [34m[vite][39m [32m??built in 629ms[39m
[2m22:22:08[22m [34m[build][39m [32m??Completed in 653ms.[39m

[42m[30m generating static routes [39m[49m
[2m22:22:08[22m [32m??[39m src/pages/about.astro
[2m22:22:08[22m   [34m?붴?[39m [2m/about/index.html[22m [2m(+8ms)[22m 
[2m22:22:08[22m [32m??[39m src/pages/blog/index.astro
node.exe : post.render is not a function
위치 줄:1 문자:1
+ & "C:\Program Files\nodejs/node.exe" "C:\Program Files\nodejs/node_mo 
...
+ ~~~~~~~~~~~~~~~~~~~~~~~~~~~~~~~~~~~~~~~~~~~~~~~~~~~~~~~~~~~~~~~~~~~~~
    + CategoryInfo          : NotSpecified: (post.render is not a funct 
   ion:String) [], RemoteException
    + FullyQualifiedErrorId : NativeCommandError
 
  [1mStack trace:[22m
[2m    at file:///C:/Users/umhyu/avelose159_git/dist/pages/blog.astro.m
js?time=1772976128621:19:36
    at file:///C:/Users/umhyu/avelose159_git/dist/pages/blog.astro.mjs?t
ime=1772976128621:18:49
    at async renderToString (file:///C:/Users/umhyu/avelose159_git/node_
modules/astro/dist/runtime/server/render/astro/render.js:14:26)
    at async lastNext (file:///C:/Users/umhyu/avelose159_git/node_module
s/astro/dist/core/render-context.js:215:25)
    at async callMiddleware (file:///C:/Users/umhyu/avelose159_git/node_
modules/astro/dist/core/middleware/callMiddleware.js:11:10)[22m
[2m22:22:08[22m   [34m?붴?[39m [2m/blog/index.html[22m
