
> avelose159-git@0.0.1 build
> astro build

[2m09:54:40[22m [34m[content][39m Syncing content
[2m09:54:40[22m [34m[content][39m Synced content
[2m09:54:40[22m [34m[types][39m Generated [2m347ms[22m
[2m09:54:40[22m [34m[build][39m output: [34m"static"[39m
[2m09:54:40[22m [34m[build][39m mode: [34m"static"[39m
[2m09:54:40[22m [34m[build][39m directory: [34mC:\Users\umhyu\avelose159_git\dist\[39m
[2m09:54:40[22m [34m[build][39m Collecting build info...
[2m09:54:40[22m [34m[build][39m [32m??Completed in 363ms.[39m
[2m09:54:40[22m [34m[build][39m Building static entrypoints...
